ERROR: [BiliBili] 17s411N78s: Unable to download webpage: HTTP Error 412: Precondition Failed (caused by <HTTPError 412: Precondition Failed>)
ERROR: [BiliBili] 1Pz4y1B7uZ: Unable to download webpage: HTTP Error 412: Precondition Failed (caused by <HTTPError 412: Precondition Failed>)
ERROR: [BiliBili] 12m4y1e7iY: Unable to download webpage: HTTP Error 412: Precondition Failed (caused by <HTTPError 412: Precondition Failed>)
ERROR: [BiliBili] 1MX4y1p7ud: Unable to download webpage: HTTP Error 412: Precondition Failed (caused by <HTTPError 412: Precondition Failed>)
ERROR: [BiliBili] 1wp411o71g: Unable to download webpage: HTTP Error 412: Precondition Failed (caused by <HTTPError 412: Precondition Failed>)
ERROR: [BiliBili] 1m14y1R7Fc: Unable to download webpage: HTTP Error 412: Precondition Failed (caused by <HTTPError 412: Precondition Failed>)
ERROR: [BiliBili] 1m14y1R7Fc: Unable to download webpage: HTTP Error 412: Precondition Failed (caused by <HTTPError 412: Precondition Failed>)
ERROR: [BiliBili] 1QonqzhEec: Unable to download webpage: HTTP Error 412: Precondition Failed (caused by <HTTPError 412: Precondition Failed>)
ERROR: [BiliBili] 1QonqzhEec: Unable to download webpage: HTTP Error 412: Precondition Failed (caused by <HTTPError 412: Precondition Failed>)
ERROR: [BiliBili] 1QonqzhEec: Unable to download webpage: HTTP Error 412: Precondition Failed (caused by <HTTPError 412: Precondition Failed>)
ERROR: [BiliBili] 1Uo4y1b7kk: Unable to download webpage: HTTP Error 412: Precondition Failed (caused by <HTTPError 412: Precondition Failed>)
ERROR: [BiliBili] 1Uo4y1b7kk: Unable to download webpage: HTTP Error 412: Precondition Failed (caused by <HTTPError 412: Precondition Failed>)
ERROR: [BiliBili] 1QN41167Ft: Unable to download webpage: HTTP Error 412: Precondition Failed (caused by <HTTPError 412: Precondition Failed>)
ERROR: [BiliBili] 1YG411S7Dt: Unable to download webpage: HTTP Error 412: Precondition Failed (caused by <HTTPError 412: Precondition Failed>)
ERROR: [BiliBili] 1YG411S7Dt: Unable to download webpage: HTTP Error 412: Precondition Failed (caused by <HTTPError 412: Precondition Failed>)
ERROR: [BiliBili] 1YG411S7Dt: Unable to download webpage: HTTP Error 412: Precondition Failed (caused by <HTTPError 412: Precondition Failed>)
ERROR: [BiliBili] 1DT411r7W6: Unable to download webpage: HTTP Error 412: Precondition Failed (caused by <HTTPError 412: Precondition Failed>)
ERROR: [BiliBili] 1DT411r7W6: Unable to download webpage: HTTP Error 412: Precondition Failed (caused by <HTTPError 412: Precondition Failed>)
ERROR: [BiliBili] 1rv4y1n7Mf: Unable to download webpage: HTTP Error 412: Precondition Failed (caused by <HTTPError 412: Precondition Failed>)
ERROR: [BiliBili] 1rv4y1n7Mf: Unable to download webpage: HTTP Error 412: Precondition Failed (caused by <HTTPError 412: Precondition Failed>)
ERROR: [BiliBili] 1Ps411w73m: Unable to download webpage: HTTP Error 412: Precondition Failed (caused by <HTTPError 412: Precondition Failed>)
