[19:59:57] model=medium  total=498  todo=498
[20:01:50] [1/498] 01-C语言-带你学C带你飞\00-学习环境搭建\1-《带你学C带你飞》学习环境搭建教程.mp4
[20:04:16]     -> 文字稿\01-C语言-带你学C带你飞\00-学习环境搭建\1-《带你学C带你飞》学习环境搭建教程.md  (564 segments)
[20:04:16] [2/498] 01-C语言-带你学C带你飞\01-正课\001-【C语言】《带你学C带你飞》 p01 这个系列讲什么.mp4
[20:04:54]     -> 文字稿\01-C语言-带你学C带你飞\01-正课\001-【C语言】《带你学C带你飞》 p01 这个系列讲什么.md  (94 segments)
[20:04:54] [3/498] 01-C语言-带你学C带你飞\01-正课\002-【C语言】《带你学C带你飞》 p02 第一个程序.mp4
[20:05:56]     -> 文字稿\01-C语言-带你学C带你飞\01-正课\002-【C语言】《带你学C带你飞》 p02 第一个程序.md  (91 segments)
[20:05:56] [4/498] 01-C语言-带你学C带你飞\01-正课\003-【C语言】《带你学C带你飞》 p03 打印.mp4
[20:07:02]     -> 文字稿\01-C语言-带你学C带你飞\01-正课\003-【C语言】《带你学C带你飞》 p03 打印.md  (352 segments)
[20:07:02] [5/498] 01-C语言-带你学C带你飞\01-正课\004-【C语言】《带你学C带你飞》 p04 变量.mp4
[20:08:29]     -> 文字稿\01-C语言-带你学C带你飞\01-正课\004-【C语言】《带你学C带你飞》 p04 变量.md  (63 segments)
[20:08:29] [6/498] 01-C语言-带你学C带你飞\01-正课\005-【C语言】《带你学C带你飞》 p05 常量和宏定义.mp4
[20:10:19]     -> 文字稿\01-C语言-带你学C带你飞\01-正课\005-【C语言】《带你学C带你飞》 p05 常量和宏定义.md  (266 segments)
[20:10:19] [7/498] 01-C语言-带你学C带你飞\01-正课\006-【C语言】《带你学C带你飞》 p06 数据类型.mp4
[20:11:29]     -> 文字稿\01-C语言-带你学C带你飞\01-正课\006-【C语言】《带你学C带你飞》 p06 数据类型.md  (55 segments)
[20:11:29] [8/498] 01-C语言-带你学C带你飞\01-正课\007-【C语言】《带你学C带你飞》 p07 取值范围.mp4
[20:13:46]     -> 文字稿\01-C语言-带你学C带你飞\01-正课\007-【C语言】《带你学C带你飞》 p07 取值范围.md  (445 segments)
[20:13:46] [9/498] 01-C语言-带你学C带你飞\01-正课\008-【C语言】《带你学C带你飞》 p08 字符和字符串.mp4
[20:15:15]     -> 文字稿\01-C语言-带你学C带你飞\01-正课\008-【C语言】《带你学C带你飞》 p08 字符和字符串.md  (78 segments)
[20:15:15] [10/498] 01-C语言-带你学C带你飞\01-正课\009-【C语言】《带你学C带你飞》 p09 算术运算符.mp4
[20:17:13]     -> 文字稿\01-C语言-带你学C带你飞\01-正课\009-【C语言】《带你学C带你飞》 p09 算术运算符.md  (70 segments)
[20:17:13] [11/498] 01-C语言-带你学C带你飞\01-正课\010-【C语言】《带你学C带你飞》 p10 关系运算符和逻辑运算符.mp4
[20:19:10]     -> 文字稿\01-C语言-带你学C带你飞\01-正课\010-【C语言】《带你学C带你飞》 p10 关系运算符和逻辑运算符.md  (148 segments)
[20:19:10] [12/498] 01-C语言-带你学C带你飞\01-正课\011-【C语言】《带你学C带你飞》 p11 if语句.mp4
[20:20:36]     -> 文字稿\01-C语言-带你学C带你飞\01-正课\011-【C语言】《带你学C带你飞》 p11 if语句.md  (43 segments)
[20:20:36] [13/498] 01-C语言-带你学C带你飞\01-正课\012-【C语言】《带你学C带你飞》 p12 switch语句和分支嵌套.mp4
[20:22:43]     -> 文字稿\01-C语言-带你学C带你飞\01-正课\012-【C语言】《带你学C带你飞》 p12 switch语句和分支嵌套.md  (126 segments)
[20:22:43] [14/498] 01-C语言-带你学C带你飞\01-正课\013-【C语言】《带你学C带你飞》 p13 while语句和do-while语句.mp4
[20:24:17]     -> 文字稿\01-C语言-带你学C带你飞\01-正课\013-【C语言】《带你学C带你飞》 p13 while语句和do-while语句.md  (270 segments)
[20:24:17] [15/498] 01-C语言-带你学C带你飞\01-正课\014-【C语言】《带你学C带你飞》 p14 for语句和循环嵌套.mp4
[20:26:42]     -> 文字稿\01-C语言-带你学C带你飞\01-正课\014-【C语言】《带你学C带你飞》 p14 for语句和循环嵌套.md  (154 segments)
[20:26:42] [16/498] 01-C语言-带你学C带你飞\01-正课\015-【C语言】《带你学C带你飞》 p15 break语句和continue语句.mp4
[20:28:19]     -> 文字稿\01-C语言-带你学C带你飞\01-正课\015-【C语言】《带你学C带你飞》 p15 break语句和continue语句.md  (165 segments)
[20:28:19] [17/498] 01-C语言-带你学C带你飞\01-正课\016-【C语言】《带你学C带你飞》 p16 拾遗.mp4
[20:30:33]     -> 文字稿\01-C语言-带你学C带你飞\01-正课\016-【C语言】《带你学C带你飞》 p16 拾遗.md  (188 segments)
[20:30:33] [18/498] 01-C语言-带你学C带你飞\01-正课\017-【C语言】《带你学C带你飞》 p17 数组.mp4
[20:32:33]     -> 文字稿\01-C语言-带你学C带你飞\01-正课\017-【C语言】《带你学C带你飞》 p17 数组.md  (331 segments)
[20:32:33] [19/498] 01-C语言-带你学C带你飞\01-正课\018-【C语言】《带你学C带你飞》 p18 啪啪啪.mp4
[20:33:56]     -> 文字稿\01-C语言-带你学C带你飞\01-正课\018-【C语言】《带你学C带你飞》 p18 啪啪啪.md  (250 segments)
[20:33:56] [20/498] 01-C语言-带你学C带你飞\01-正课\019-【C语言】《带你学C带你飞》 p19 字符串处理函数.mp4
[20:36:30]     -> 文字稿\01-C语言-带你学C带你飞\01-正课\019-【C语言】《带你学C带你飞》 p19 字符串处理函数.md  (479 segments)
[20:36:30] [21/498] 01-C语言-带你学C带你飞\01-正课\020-【C语言】《带你学C带你飞》 p20 二维数组.mp4
[20:38:08]     -> 文字稿\01-C语言-带你学C带你飞\01-正课\020-【C语言】《带你学C带你飞》 p20 二维数组.md  (320 segments)
[20:38:08] [22/498] 01-C语言-带你学C带你飞\01-正课\021-【C语言】《带你学C带你飞》 p21 指针.mp4
[20:40:02]     -> 文字稿\01-C语言-带你学C带你飞\01-正课\021-【C语言】《带你学C带你飞》 p21 指针.md  (326 segments)
[20:40:02] [23/498] 01-C语言-带你学C带你飞\01-正课\022-【C语言】《带你学C带你飞》 p22 指针和数组.mp4
[20:42:41]     -> 文字稿\01-C语言-带你学C带你飞\01-正课\022-【C语言】《带你学C带你飞》 p22 指针和数组.md  (431 segments)
[20:42:41] [24/498] 01-C语言-带你学C带你飞\01-正课\023-【C语言】《带你学C带你飞》 p23 指针数组和数组指针.mp4
